<?xml version="1.0" encoding="UTF-8"?>
<testsuites name="jest tests" tests="3" failures="0" time="0.892">
  <testsuite name="getAll API" errors="0" failures="0" skipped="0" timestamp="2020-03-24T17:30:43" time="0.53" tests="2">
    <testcase classname="getAll API scrapes for data" name="getAll API scrapes for data" time="0.108">
    </testcase>
    <testcase classname="getAll API handles empty response from worldometer" name="getAll API handles empty response from worldometer" time="0.002">
    </testcase>
  </testsuite>
  <testsuite name="getStatesAPI API" errors="0" failures="0" skipped="0" timestamp="2020-03-24T17:30:43" time="0.271" tests="1">
    <testcase classname="getStatesAPI API scrapes for states data" name="getStatesAPI API scrapes for states data" time="0.092">
    </testcase>
  </testsuite>
</testsuites>